	enspie
S100.8123_S2	24.449537791810062
S101.8118_S3	34.32489660524054
S102.8145_S4	4.7687713678246
S103.8150_S5	40.65617748216789
S104.8162_S6	24.552382832935173
S105.8151_S7	12.655141991093037
S106.8079_S8	6.8993260033363155
S107.8192_S9	6.656823821808024
S108.8103_S10	12.35226120389405
S109.8446_S11	40.27485700565471
S110.8096_S12	10.924218903643595
S111.8449_S13	22.298441513087873
S112.8459_S14	28.082281591711027
S113.8451_S15	13.965979786003166
S114.8452_S16	6.279764765700849
S115.8234_S17	17.360061406845524
S116.8209_S18	10.397212751775221
S117.8026_S19	24.618528117431858
S118.8490_S20	12.548146917633318
S119.8130_S21	14.37846397169376
S120.8477_S22	41.69317747353134
S121.8264_S23	22.253935611991082
S122.8134_S24	67.40561993732632
S123.8176_S25	15.940919252565982
S124.8224_S26	20.04889981328257
S125.8210_S27	15.489399724118954
S126.8135_S28	42.531165025381036
S127.8112_S29	13.71364198221152
S128.8202_S30	26.168006366517048
S129.8204_S31	8.193475420801722
S130.8507_S32	28.23695867397856
S131.8274_S33	18.04682920384031
S132.8297_S34	26.099454055931247
S133.8222_S35	10.047407530376937
S134.8546_S36	11.672570172733865
S135.8381_S37	15.956609589819976
S136.8391_S38	21.415379821870896
S137.8574_S39	55.64179580381106
S138.8047_S40	8.970729064459961
S139.8583_S41	48.18716708829593
S140.8013_S42	22.901859671066397
S141.8080_S43	27.224615189277877
S142.8621_S44	23.67583103116804
S143.8071_S45	41.5622074630159
S144.8417_S46	13.187723512459437
S145.8371_S47	20.477764297376105
S146.8430_S48	36.10111994803047
S147.8369_S49	20.838208377099285
S148.8242_S50	8.961847941643432
S149.8312_S51	19.364244940087502
